Archive member included to satisfy reference by file (symbol)

/Applications/ARM/bin/../lib/gcc/arm-none-eabi/10.3.1/../../../../arm-none-eabi/lib/thumb/v7-m/nofp/libc.a(lib_a-errno.o)
                              CMakeFiles/iKunBoat.elf.dir/Core/Src/syscalls.c.obj (__errno)
/Applications/ARM/bin/../lib/gcc/arm-none-eabi/10.3.1/../../../../arm-none-eabi/lib/thumb/v7-m/nofp/libc.a(lib_a-exit.o)
                              /Applications/ARM/bin/../lib/gcc/arm-none-eabi/10.3.1/../../../../arm-none-eabi/lib/thumb/v7-m/nofp/crt0.o (exit)
/Applications/ARM/bin/../lib/gcc/arm-none-eabi/10.3.1/../../../../arm-none-eabi/lib/thumb/v7-m/nofp/libc.a(lib_a-impure.o)
                              /Applications/ARM/bin/../lib/gcc/arm-none-eabi/10.3.1/../../../../arm-none-eabi/lib/thumb/v7-m/nofp/libc.a(lib_a-exit.o) (_global_impure_ptr)
/Applications/ARM/bin/../lib/gcc/arm-none-eabi/10.3.1/../../../../arm-none-eabi/lib/thumb/v7-m/nofp/libc.a(lib_a-init.o)
                              /Applications/ARM/bin/../lib/gcc/arm-none-eabi/10.3.1/../../../../arm-none-eabi/lib/thumb/v7-m/nofp/crt0.o (__libc_init_array)
/Applications/ARM/bin/../lib/gcc/arm-none-eabi/10.3.1/../../../../arm-none-eabi/lib/thumb/v7-m/nofp/libc.a(lib_a-memset.o)
                              /Applications/ARM/bin/../lib/gcc/arm-none-eabi/10.3.1/../../../../arm-none-eabi/lib/thumb/v7-m/nofp/crt0.o (memset)
/Applications/ARM/bin/../lib/gcc/arm-none-eabi/10.3.1/../../../../arm-none-eabi/lib/thumb/v7-m/nofp/libc.a(lib_a-strlen-stub.o)
                              CMakeFiles/iKunBoat.elf.dir/Core/Src/main.c.obj (strlen)
/Applications/ARM/bin/../lib/gcc/arm-none-eabi/10.3.1/../../../../arm-none-eabi/lib/thumb/v7-m/nofp/libc.a(lib_a-__call_atexit.o)
                              /Applications/ARM/bin/../lib/gcc/arm-none-eabi/10.3.1/../../../../arm-none-eabi/lib/thumb/v7-m/nofp/libc.a(lib_a-exit.o) (__call_exitprocs)
/Applications/ARM/bin/../lib/gcc/arm-none-eabi/10.3.1/../../../../arm-none-eabi/lib/thumb/v7-m/nofp/libc.a(lib_a-atexit.o)
                              /Applications/ARM/bin/../lib/gcc/arm-none-eabi/10.3.1/../../../../arm-none-eabi/lib/thumb/v7-m/nofp/libc.a(lib_a-__call_atexit.o) (atexit)
/Applications/ARM/bin/../lib/gcc/arm-none-eabi/10.3.1/../../../../arm-none-eabi/lib/thumb/v7-m/nofp/libc.a(lib_a-fini.o)
                              /Applications/ARM/bin/../lib/gcc/arm-none-eabi/10.3.1/../../../../arm-none-eabi/lib/thumb/v7-m/nofp/libc.a(lib_a-__call_atexit.o) (__libc_fini_array)
/Applications/ARM/bin/../lib/gcc/arm-none-eabi/10.3.1/../../../../arm-none-eabi/lib/thumb/v7-m/nofp/libc.a(lib_a-lock.o)
                              /Applications/ARM/bin/../lib/gcc/arm-none-eabi/10.3.1/../../../../arm-none-eabi/lib/thumb/v7-m/nofp/libc.a(lib_a-__call_atexit.o) (__retarget_lock_acquire_recursive)
/Applications/ARM/bin/../lib/gcc/arm-none-eabi/10.3.1/../../../../arm-none-eabi/lib/thumb/v7-m/nofp/libc.a(lib_a-__atexit.o)
                              /Applications/ARM/bin/../lib/gcc/arm-none-eabi/10.3.1/../../../../arm-none-eabi/lib/thumb/v7-m/nofp/libc.a(lib_a-atexit.o) (__register_exitproc)

Discarded input sections

 .text          0x0000000000000000        0x0 /Applications/ARM/bin/../lib/gcc/arm-none-eabi/10.3.1/thumb/v7-m/nofp/crti.o
 .data          0x0000000000000000        0x0 /Applications/ARM/bin/../lib/gcc/arm-none-eabi/10.3.1/thumb/v7-m/nofp/crti.o
 .bss           0x0000000000000000        0x0 /Applications/ARM/bin/../lib/gcc/arm-none-eabi/10.3.1/thumb/v7-m/nofp/crti.o
 .data          0x0000000000000000        0x4 /Applications/ARM/bin/../lib/gcc/arm-none-eabi/10.3.1/thumb/v7-m/nofp/crtbegin.o
 .rodata        0x0000000000000000       0x24 /Applications/ARM/bin/../lib/gcc/arm-none-eabi/10.3.1/thumb/v7-m/nofp/crtbegin.o
 .text          0x0000000000000000       0x7c /Applications/ARM/bin/../lib/gcc/arm-none-eabi/10.3.1/../../../../arm-none-eabi/lib/thumb/v7-m/nofp/crt0.o
 .data          0x0000000000000000        0x0 /Applications/ARM/bin/../lib/gcc/arm-none-eabi/10.3.1/../../../../arm-none-eabi/lib/thumb/v7-m/nofp/crt0.o
 .bss           0x0000000000000000        0x0 /Applications/ARM/bin/../lib/gcc/arm-none-eabi/10.3.1/../../../../arm-none-eabi/lib/thumb/v7-m/nofp/crt0.o
 .ARM.extab     0x0000000000000000        0x0 /Applications/ARM/bin/../lib/gcc/arm-none-eabi/10.3.1/../../../../arm-none-eabi/lib/thumb/v7-m/nofp/crt0.o
 .ARM.exidx     0x0000000000000000       0x10 /Applications/ARM/bin/../lib/gcc/arm-none-eabi/10.3.1/../../../../arm-none-eabi/lib/thumb/v7-m/nofp/crt0.o
 .ARM.attributes
                0x0000000000000000       0x1b /Applications/ARM/bin/../lib/gcc/arm-none-eabi/10.3.1/../../../../arm-none-eabi/lib/thumb/v7-m/nofp/crt0.o
 .text          0x0000000000000000        0x0 CMakeFiles/iKunBoat.elf.dir/Core/Src/main.c.obj
 .data          0x0000000000000000        0x0 CMakeFiles/iKunBoat.elf.dir/Core/Src/main.c.obj
 .bss           0x0000000000000000        0x0 CMakeFiles/iKunBoat.elf.dir/Core/Src/main.c.obj
[...]
Memory Configuration

Name             Origin             Length             Attributes
RAM              0x0000000020000000 0x0000000000005000 xrw
FLASH            0x0000000008000000 0x0000000000010000 xr
*default*        0x0000000000000000 0xffffffffffffffff

Linker script and memory map

LOAD /Applications/ARM/bin/../lib/gcc/arm-none-eabi/10.3.1/thumb/v7-m/nofp/crti.o
LOAD /Applications/ARM/bin/../lib/gcc/arm-none-eabi/10.3.1/thumb/v7-m/nofp/crtbegin.o
LOAD /Applications/ARM/bin/../lib/gcc/arm-none-eabi/10.3.1/../../../../arm-none-eabi/lib/thumb/v7-m/nofp/crt0.o
LOAD CMakeFiles/iKunBoat.elf.dir/Core/Src/main.c.obj
LOAD CMakeFiles/iKunBoat.elf.dir/Core/Src/stm32f1xx_hal_msp.c.obj
LOAD CMakeFiles/iKunBoat.elf.dir/Core/Src/stm32f1xx_it.c.obj
LOAD CMakeFiles/iKunBoat.elf.dir/Core/Src/syscalls.c.obj
LOAD CMakeFiles/iKunBoat.elf.dir/Core/Src/sysmem.c.obj
LOAD CMakeFiles/iKunBoat.elf.dir/Core/Src/system_stm32f1xx.c.obj
LOAD CMakeFiles/iKunBoat.elf.dir/Core/Startup/startup_stm32f103c8tx.s.obj
LOAD CMakeFiles/iKunBoat.elf.dir/Drivers/STM32F1xx_HAL_Driver/Src/stm32f1xx_hal.c.obj
LOAD CMakeFiles/iKunBoat.elf.dir/Drivers/STM32F1xx_HAL_Driver/Src/stm32f1xx_hal_cortex.c.obj
LOAD CMakeFiles/iKunBoat.elf.dir/Drivers/STM32F1xx_HAL_Driver/Src/stm32f1xx_hal_dma.c.obj
LOAD CMakeFiles/iKunBoat.elf.dir/Drivers/STM32F1xx_HAL_Driver/Src/stm32f1xx_hal_exti.c.obj
LOAD CMakeFiles/iKunBoat.elf.dir/Drivers/STM32F1xx_HAL_Driver/Src/stm32f1xx_hal_flash.c.obj
LOAD CMakeFiles/iKunBoat.elf.dir/Drivers/STM32F1xx_HAL_Driver/Src/stm32f1xx_hal_flash_ex.c.obj
LOAD CMakeFiles/iKunBoat.elf.dir/Drivers/STM32F1xx_HAL_Driver/Src/stm32f1xx_hal_gpio.c.obj
LOAD CMakeFiles/iKunBoat.elf.dir/Drivers/STM32F1xx_HAL_Driver/Src/stm32f1xx_hal_gpio_ex.c.obj
LOAD CMakeFiles/iKunBoat.elf.dir/Drivers/STM32F1xx_HAL_Driver/Src/stm32f1xx_hal_pwr.c.obj
LOAD CMakeFiles/iKunBoat.elf.dir/Drivers/STM32F1xx_HAL_Driver/Src/stm32f1xx_hal_rcc.c.obj
LOAD CMakeFiles/iKunBoat.elf.dir/Drivers/STM32F1xx_HAL_Driver/Src/stm32f1xx_hal_rcc_ex.c.obj
LOAD CMakeFiles/iKunBoat.elf.dir/Drivers/STM32F1xx_HAL_Driver/Src/stm32f1xx_hal_tim.c.obj
LOAD CMakeFiles/iKunBoat.elf.dir/Drivers/STM32F1xx_HAL_Driver/Src/stm32f1xx_hal_tim_ex.c.obj
LOAD CMakeFiles/iKunBoat.elf.dir/Drivers/STM32F1xx_HAL_Driver/Src/stm32f1xx_hal_uart.c.obj
START GROUP
LOAD /Applications/ARM/bin/../lib/gcc/arm-none-eabi/10.3.1/thumb/v7-m/nofp/libgcc.a
LOAD /Applications/ARM/bin/../lib/gcc/arm-none-eabi/10.3.1/../../../../arm-none-eabi/lib/thumb/v7-m/nofp/libc.a
END GROUP
LOAD /Applications/ARM/bin/../lib/gcc/arm-none-eabi/10.3.1/thumb/v7-m/nofp/crtend.o
LOAD /Applications/ARM/bin/../lib/gcc/arm-none-eabi/10.3.1/thumb/v7-m/nofp/crtn.o
                0x0000000020005000                _estack = (ORIGIN (RAM) + LENGTH (RAM))
                0x0000000000000200                _Min_Heap_Size = 0x200
                0x0000000000000400                _Min_Stack_Size = 0x400

.isr_vector     0x0000000008000000      0x10c
                0x0000000008000000                . = ALIGN (0x4)
 *(.isr_vector)
 .isr_vector    0x0000000008000000      0x10c CMakeFiles/iKunBoat.elf.dir/Core/Startup/startup_stm32f103c8tx.s.obj
                0x0000000008000000                g_pfnVectors
                0x000000000800010c                . = ALIGN (0x4)

.text           0x000000000800010c     0x20c8
                0x000000000800010c                . = ALIGN (0x4)
 *(.text)
 .text          0x000000000800010c       0x40 /Applications/ARM/bin/../lib/gcc/arm-none-eabi/10.3.1/thumb/v7-m/nofp/crtbegin.o
 *(.text*)
 .text.HAL_UART_RxCpltCallback
                0x000000000800014c      0x154 CMakeFiles/iKunBoat.elf.dir/Core/Src/main.c.obj
                0x000000000800014c                HAL_UART_RxCpltCallback
 .text.SystemClock_Config
                0x00000000080002a0       0x6c CMakeFiles/iKunBoat.elf.dir/Core/Src/main.c.obj
                0x00000000080002a0                SystemClock_Config
 .text.startup.main
                0x000000000800030c      0x36c CMakeFiles/iKunBoat.elf.dir/Core/Src/main.c.obj
                0x000000000800030c                main
 .text.HAL_MspInit
                0x0000000008000678       0x88 CMakeFiles/iKunBoat.elf.dir/Core/Src/stm32f1xx_hal_msp.c.obj
                0x0000000008000678                HAL_MspInit
 .text.HAL_TIM_Base_MspInit
                0x0000000008000700       0x50 CMakeFiles/iKunBoat.elf.dir/Core/Src/stm32f1xx_hal_msp.c.obj
                0x0000000008000700                HAL_TIM_Base_MspInit
 .text.HAL_TIM_MspPostInit
                0x0000000008000750       0x90 CMakeFiles/iKunBoat.elf.dir/Core/Src/stm32f1xx_hal_msp.c.obj
                0x0000000008000750                HAL_TIM_MspPostInit
 .text.HAL_UART_MspInit
                0x00000000080007e0       0xf4 CMakeFiles/iKunBoat.elf.dir/Core/Src/stm32f1xx_hal_msp.c.obj
                0x00000000080007e0                HAL_UART_MspInit
 .text.NMI_Handler
                0x00000000080008d4        0x4 CMakeFiles/iKunBoat.elf.dir/Core/Src/stm32f1xx_it.c.obj
                0x00000000080008d4                NMI_Handler
 .text.HardFault_Handler
                0x00000000080008d8        0x4 CMakeFiles/iKunBoat.elf.dir/Core/Src/stm32f1xx_it.c.obj
                0x00000000080008d8                HardFault_Handler
 .text.MemManage_Handler
                0x00000000080008dc        0x4 CMakeFiles/iKunBoat.elf.dir/Core/Src/stm32f1xx_it.c.obj
                0x00000000080008dc                MemManage_Handler
 .text.BusFault_Handler
                0x00000000080008e0        0x4 CMakeFiles/iKunBoat.elf.dir/Core/Src/stm32f1xx_it.c.obj
                0x00000000080008e0                BusFault_Handler
 .text.UsageFault_Handler
                0x00000000080008e4        0x4 CMakeFiles/iKunBoat.elf.dir/Core/Src/stm32f1xx_it.c.obj
                0x00000000080008e4                UsageFault_Handler
 .text.SVC_Handler
                0x00000000080008e8        0x4 CMakeFiles/iKunBoat.elf.dir/Core/Src/stm32f1xx_it.c.obj
                0x00000000080008e8                SVC_Handler
 .text.DebugMon_Handler
                0x00000000080008ec        0x4 CMakeFiles/iKunBoat.elf.dir/Core/Src/stm32f1xx_it.c.obj
                0x00000000080008ec                DebugMon_Handler
 .text.PendSV_Handler
                0x00000000080008f0        0x4 CMakeFiles/iKunBoat.elf.dir/Core/Src/stm32f1xx_it.c.obj
                0x00000000080008f0                PendSV_Handler
 .text.SysTick_Handler
                0x00000000080008f4        0x4 CMakeFiles/iKunBoat.elf.dir/Core/Src/stm32f1xx_it.c.obj
                0x00000000080008f4                SysTick_Handler
 .text.USART1_IRQHandler
                0x00000000080008f8        0xc CMakeFiles/iKunBoat.elf.dir/Core/Src/stm32f1xx_it.c.obj
                0x00000000080008f8                USART1_IRQHandler
 .text.USART2_IRQHandler
                0x0000000008000904        0xc CMakeFiles/iKunBoat.elf.dir/Core/Src/stm32f1xx_it.c.obj
                0x0000000008000904                USART2_IRQHandler
 .text.SystemInit
                0x0000000008000910        0x4 CMakeFiles/iKunBoat.elf.dir/Core/Src/system_stm32f1xx.c.obj
                0x0000000008000910                SystemInit
 .text.Reset_Handler
                0x0000000008000914       0x48 CMakeFiles/iKunBoat.elf.dir/Core/Startup/startup_stm32f103c8tx.s.obj
                0x0000000008000914                Reset_Handler
 .text.Default_Handler
                0x000000000800095c        0x2 CMakeFiles/iKunBoat.elf.dir/Core/Startup/startup_stm32f103c8tx.s.obj
                0x000000000800095c                USBWakeUp_IRQHandler
                0x000000000800095c                EXTI2_IRQHandler
                0x000000000800095c                TIM1_CC_IRQHandler
                0x000000000800095c                PVD_IRQHandler
                0x000000000800095c                EXTI3_IRQHandler
                0x000000000800095c                EXTI0_IRQHandler
                0x000000000800095c                I2C2_EV_IRQHandler
                0x000000000800095c                ADC1_2_IRQHandler
                0x000000000800095c                SPI1_IRQHandler
                0x000000000800095c                TAMPER_IRQHandler
                0x000000000800095c                DMA1_Channel4_IRQHandler
                0x000000000800095c                USART3_IRQHandler
                0x000000000800095c                RTC_IRQHandler
                0x000000000800095c                DMA1_Channel7_IRQHandler
                0x000000000800095c                CAN1_RX1_IRQHandler
                0x000000000800095c                TIM4_IRQHandler
                0x000000000800095c                I2C1_EV_IRQHandler
                0x000000000800095c                DMA1_Channel6_IRQHandler
                0x000000000800095c                TIM3_IRQHandler
                0x000000000800095c                RCC_IRQHandler
                0x000000000800095c                TIM1_TRG_COM_IRQHandler
                0x000000000800095c                DMA1_Channel1_IRQHandler
                0x000000000800095c                Default_Handler
                0x000000000800095c                EXTI15_10_IRQHandler
                0x000000000800095c                EXTI9_5_IRQHandler
                0x000000000800095c                SPI2_IRQHandler
                0x000000000800095c                DMA1_Channel5_IRQHandler
                0x000000000800095c                EXTI4_IRQHandler
                0x000000000800095c                USB_LP_CAN1_RX0_IRQHandler
                0x000000000800095c                USB_HP_CAN1_TX_IRQHandler
                0x000000000800095c                DMA1_Channel3_IRQHandler
                0x000000000800095c                TIM1_UP_IRQHandler
                0x000000000800095c                WWDG_IRQHandler
                0x000000000800095c                TIM2_IRQHandler
                0x000000000800095c                TIM1_BRK_IRQHandler
                0x000000000800095c                EXTI1_IRQHandler
                0x000000000800095c                I2C2_ER_IRQHandler
                0x000000000800095c                DMA1_Channel2_IRQHandler
                0x000000000800095c                CAN1_SCE_IRQHandler
                0x000000000800095c                FLASH_IRQHandler
                0x000000000800095c                I2C1_ER_IRQHandler
                0x000000000800095c                RTC_Alarm_IRQHandler
 *fill*         0x000000000800095e        0x2 
 .text.HAL_InitTick
                0x0000000008000960       0x48 CMakeFiles/iKunBoat.elf.dir/Drivers/STM32F1xx_HAL_Driver/Src/stm32f1xx_hal.c.obj
                0x0000000008000960                HAL_InitTick
 .text.HAL_Init
                0x00000000080009a8       0x24 CMakeFiles/iKunBoat.elf.dir/Drivers/STM32F1xx_HAL_Driver/Src/stm32f1xx_hal.c.obj
                0x00000000080009a8                HAL_Init
 .text.HAL_IncTick
                0x00000000080009cc       0x18 CMakeFiles/iKunBoat.elf.dir/Drivers/STM32F1xx_HAL_Driver/Src/stm32f1xx_hal.c.obj
                0x00000000080009cc                HAL_IncTick
 .text.HAL_GetTick
                0x00000000080009e4        0xc CMakeFiles/iKunBoat.elf.dir/Drivers/STM32F1xx_HAL_Driver/Src/stm32f1xx_hal.c.obj
                0x00000000080009e4                HAL_GetTick
 .text.HAL_Delay
                0x00000000080009f0       0x24 CMakeFiles/iKunBoat.elf.dir/Drivers/STM32F1xx_HAL_Driver/Src/stm32f1xx_hal.c.obj
                0x00000000080009f0                HAL_Delay
 .text.HAL_NVIC_SetPriorityGrouping
                0x0000000008000a14       0x24 CMakeFiles/iKunBoat.elf.dir/Drivers/STM32F1xx_HAL_Driver/Src/stm32f1xx_hal_cortex.c.obj
                0x0000000008000a14                HAL_NVIC_SetPriorityGrouping
 .text.HAL_NVIC_SetPriority
                0x0000000008000a38       0x7c CMakeFiles/iKunBoat.elf.dir/Drivers/STM32F1xx_HAL_Driver/Src/stm32f1xx_hal_cortex.c.obj
                0x0000000008000a38                HAL_NVIC_SetPriority
 .text.HAL_NVIC_EnableIRQ
                0x0000000008000ab4       0x1c CMakeFiles/iKunBoat.elf.dir/Drivers/STM32F1xx_HAL_Driver/Src/stm32f1xx_hal_cortex.c.obj
                0x0000000008000ab4                HAL_NVIC_EnableIRQ
 .text.HAL_SYSTICK_Config
                0x0000000008000ad0       0x30 CMakeFiles/iKunBoat.elf.dir/Drivers/STM32F1xx_HAL_Driver/Src/stm32f1xx_hal_cortex.c.obj
                0x0000000008000ad0                HAL_SYSTICK_Config
 .text.HAL_DMA_Abort
                0x0000000008000b00       0x44 CMakeFiles/iKunBoat.elf.dir/Drivers/STM32F1xx_HAL_Driver/Src/stm32f1xx_hal_dma.c.obj
                0x0000000008000b00                HAL_DMA_Abort
 .text.HAL_DMA_Abort_IT
                0x0000000008000b44       0x94 CMakeFiles/iKunBoat.elf.dir/Drivers/STM32F1xx_HAL_Driver/Src/stm32f1xx_hal_dma.c.obj
                0x0000000008000b44                HAL_DMA_Abort_IT
 .text.HAL_GPIO_Init
                0x0000000008000bd8      0x21c CMakeFiles/iKunBoat.elf.dir/Drivers/STM32F1xx_HAL_Driver/Src/stm32f1xx_hal_gpio.c.obj
                0x0000000008000bd8                HAL_GPIO_Init
 .text.HAL_RCC_OscConfig
                0x0000000008000df4      0x3e0 CMakeFiles/iKunBoat.elf.dir/Drivers/STM32F1xx_HAL_Driver/Src/stm32f1xx_hal_rcc.c.obj
                0x0000000008000df4                HAL_RCC_OscConfig
 .text.HAL_RCC_ClockConfig
                0x00000000080011d4      0x1a0 CMakeFiles/iKunBoat.elf.dir/Drivers/STM32F1xx_HAL_Driver/Src/stm32f1xx_hal_rcc.c.obj
                0x00000000080011d4                HAL_RCC_ClockConfig
 .text.HAL_RCC_GetPCLK1Freq
                0x0000000008001374       0x20 CMakeFiles/iKunBoat.elf.dir/Drivers/STM32F1xx_HAL_Driver/Src/stm32f1xx_hal_rcc.c.obj
                0x0000000008001374                HAL_RCC_GetPCLK1Freq
 .text.HAL_RCC_GetPCLK2Freq
                0x0000000008001394       0x20 CMakeFiles/iKunBoat.elf.dir/Drivers/STM32F1xx_HAL_Driver/Src/stm32f1xx_hal_rcc.c.obj
                0x0000000008001394                HAL_RCC_GetPCLK2Freq
 .text.HAL_TIM_Base_Init
                0x00000000080013b4       0xdc CMakeFiles/iKunBoat.elf.dir/Drivers/STM32F1xx_HAL_Driver/Src/stm32f1xx_hal_tim.c.obj
                0x00000000080013b4                HAL_TIM_Base_Init
 .text.HAL_TIM_PWM_MspInit
                0x0000000008001490        0x4 CMakeFiles/iKunBoat.elf.dir/Drivers/STM32F1xx_HAL_Driver/Src/stm32f1xx_hal_tim.c.obj
                0x0000000008001490                HAL_TIM_PWM_MspInit
 .text.HAL_TIM_PWM_Init
                0x0000000008001494       0xdc CMakeFiles/iKunBoat.elf.dir/Drivers/STM32F1xx_HAL_Driver/Src/stm32f1xx_hal_tim.c.obj
                0x0000000008001494                HAL_TIM_PWM_Init
 .text.HAL_TIM_PWM_Start
                0x0000000008001570       0xb8 CMakeFiles/iKunBoat.elf.dir/Drivers/STM32F1xx_HAL_Driver/Src/stm32f1xx_hal_tim.c.obj
                0x0000000008001570                HAL_TIM_PWM_Start
 .text.HAL_TIM_PWM_ConfigChannel
                0x0000000008001628      0x1f8 CMakeFiles/iKunBoat.elf.dir/Drivers/STM32F1xx_HAL_Driver/Src/stm32f1xx_hal_tim.c.obj
                0x0000000008001628                HAL_TIM_PWM_ConfigChannel
 .text.HAL_TIM_ConfigClockSource
                0x0000000008001820      0x14c CMakeFiles/iKunBoat.elf.dir/Drivers/STM32F1xx_HAL_Driver/Src/stm32f1xx_hal_tim.c.obj
                0x0000000008001820                HAL_TIM_ConfigClockSource
 .text.HAL_TIMEx_MasterConfigSynchronization
                0x000000000800196c       0x64 CMakeFiles/iKunBoat.elf.dir/Drivers/STM32F1xx_HAL_Driver/Src/stm32f1xx_hal_tim_ex.c.obj
                0x000000000800196c                HAL_TIMEx_MasterConfigSynchronization
 .text.HAL_TIMEx_ConfigBreakDeadTime
                0x00000000080019d0       0x54 CMakeFiles/iKunBoat.elf.dir/Drivers/STM32F1xx_HAL_Driver/Src/stm32f1xx_hal_tim_ex.c.obj
                0x00000000080019d0                HAL_TIMEx_ConfigBreakDeadTime
 .text.HAL_UART_Init
                0x0000000008001a24       0xdc CMakeFiles/iKunBoat.elf.dir/Drivers/STM32F1xx_HAL_Driver/Src/stm32f1xx_hal_uart.c.obj
                0x0000000008001a24                HAL_UART_Init
 .text.HAL_UART_Transmit
                0x0000000008001b00      0x110 CMakeFiles/iKunBoat.elf.dir/Drivers/STM32F1xx_HAL_Driver/Src/stm32f1xx_hal_uart.c.obj
                0x0000000008001b00                HAL_UART_Transmit
 .text.HAL_UART_Receive_IT
                0x0000000008001c10       0x54 CMakeFiles/iKunBoat.elf.dir/Drivers/STM32F1xx_HAL_Driver/Src/stm32f1xx_hal_uart.c.obj
                0x0000000008001c10                HAL_UART_Receive_IT
 .text.HAL_UART_TxCpltCallback
                0x0000000008001c64        0x4 CMakeFiles/iKunBoat.elf.dir/Drivers/STM32F1xx_HAL_Driver/Src/stm32f1xx_hal_uart.c.obj
                0x0000000008001c64                HAL_UART_TxCpltCallback
 .text.HAL_UART_ErrorCallback
                0x0000000008001c68        0x4 CMakeFiles/iKunBoat.elf.dir/Drivers/STM32F1xx_HAL_Driver/Src/stm32f1xx_hal_uart.c.obj
                0x0000000008001c68                HAL_UART_ErrorCallback
 .text.UART_DMAAbortOnError
                0x0000000008001c6c       0x10 CMakeFiles/iKunBoat.elf.dir/Drivers/STM32F1xx_HAL_Driver/Src/stm32f1xx_hal_uart.c.obj
 .text.HAL_UARTEx_RxEventCallback
                0x0000000008001c7c        0x4 CMakeFiles/iKunBoat.elf.dir/Drivers/STM32F1xx_HAL_Driver/Src/stm32f1xx_hal_uart.c.obj
                0x0000000008001c7c                HAL_UARTEx_RxEventCallback
 .text.UART_Receive_IT.part.0.isra.0
                0x0000000008001c80       0xb8 CMakeFiles/iKunBoat.elf.dir/Drivers/STM32F1xx_HAL_Driver/Src/stm32f1xx_hal_uart.c.obj
 .text.HAL_UART_IRQHandler
                0x0000000008001d38      0x25c CMakeFiles/iKunBoat.elf.dir/Drivers/STM32F1xx_HAL_Driver/Src/stm32f1xx_hal_uart.c.obj
                0x0000000008001d38                HAL_UART_IRQHandler
 .text.__libc_init_array
                0x0000000008001f94       0x48 /Applications/ARM/bin/../lib/gcc/arm-none-eabi/10.3.1/../../../../arm-none-eabi/lib/thumb/v7-m/nofp/libc.a(lib_a-init.o)
                0x0000000008001f94                __libc_init_array
 .text.memset   0x0000000008001fdc       0xa4 /Applications/ARM/bin/../lib/gcc/arm-none-eabi/10.3.1/../../../../arm-none-eabi/lib/thumb/v7-m/nofp/libc.a(lib_a-memset.o)
                0x0000000008001fdc                memset
 .text.strlen   0x0000000008002080       0x5c /Applications/ARM/bin/../lib/gcc/arm-none-eabi/10.3.1/../../../../arm-none-eabi/lib/thumb/v7-m/nofp/libc.a(lib_a-strlen-stub.o)
                0x0000000008002080                strlen
 .text.startup.register_fini
                0x00000000080020dc       0x14 /Applications/ARM/bin/../lib/gcc/arm-none-eabi/10.3.1/../../../../arm-none-eabi/lib/thumb/v7-m/nofp/libc.a(lib_a-__call_atexit.o)
 .text.atexit   0x00000000080020f0        0xc /Applications/ARM/bin/../lib/gcc/arm-none-eabi/10.3.1/../../../../arm-none-eabi/lib/thumb/v7-m/nofp/libc.a(lib_a-atexit.o)
                0x00000000080020f0                atexit
 .text.__libc_fini_array
                0x00000000080020fc       0x2c /Applications/ARM/bin/../lib/gcc/arm-none-eabi/10.3.1/../../../../arm-none-eabi/lib/thumb/v7-m/nofp/libc.a(lib_a-fini.o)
                0x00000000080020fc                __libc_fini_array
 .text.__retarget_lock_acquire_recursive
                0x0000000008002128        0x4 /Applications/ARM/bin/../lib/gcc/arm-none-eabi/10.3.1/../../../../arm-none-eabi/lib/thumb/v7-m/nofp/libc.a(lib_a-lock.o)
                0x0000000008002128                __retarget_lock_acquire_recursive
 .text.__retarget_lock_release_recursive
                0x000000000800212c        0x4 /Applications/ARM/bin/../lib/gcc/arm-none-eabi/10.3.1/../../../../arm-none-eabi/lib/thumb/v7-m/nofp/libc.a(lib_a-lock.o)
                0x000000000800212c                __retarget_lock_release_recursive
 .text.__register_exitproc
                0x0000000008002130       0x8c /Applications/ARM/bin/../lib/gcc/arm-none-eabi/10.3.1/../../../../arm-none-eabi/lib/thumb/v7-m/nofp/libc.a(lib_a-__atexit.o)
                0x0000000008002130                __register_exitproc
 *(.glue_7)
 .glue_7        0x00000000080021bc        0x0 linker stubs
 *(.glue_7t)
 .glue_7t       0x00000000080021bc        0x0 linker stubs
 *(.eh_frame)
 .eh_frame      0x00000000080021bc        0x0 /Applications/ARM/bin/../lib/gcc/arm-none-eabi/10.3.1/thumb/v7-m/nofp/crtbegin.o
 *(.init)
 .init          0x00000000080021bc        0x4 /Applications/ARM/bin/../lib/gcc/arm-none-eabi/10.3.1/thumb/v7-m/nofp/crti.o
                0x00000000080021bc                _init
 .init          0x00000000080021c0        0x8 /Applications/ARM/bin/../lib/gcc/arm-none-eabi/10.3.1/thumb/v7-m/nofp/crtn.o
 *(.fini)
 .fini          0x00000000080021c8        0x4 /Applications/ARM/bin/../lib/gcc/arm-none-eabi/10.3.1/thumb/v7-m/nofp/crti.o
                0x00000000080021c8                _fini
 .fini          0x00000000080021cc        0x8 /Applications/ARM/bin/../lib/gcc/arm-none-eabi/10.3.1/thumb/v7-m/nofp/crtn.o
                0x00000000080021d4                . = ALIGN (0x4)
                0x00000000080021d4                _etext = .

.vfp11_veneer   0x00000000080021d4        0x0
 .vfp11_veneer  0x00000000080021d4        0x0 linker stubs

.v4_bx          0x00000000080021d4        0x0
 .v4_bx         0x00000000080021d4        0x0 linker stubs

.iplt           0x00000000080021d4        0x0
 .iplt          0x00000000080021d4        0x0 /Applications/ARM/bin/../lib/gcc/arm-none-eabi/10.3.1/thumb/v7-m/nofp/crtbegin.o

.rodata         0x00000000080021d4       0x58
                0x00000000080021d4                . = ALIGN (0x4)
 *(.rodata)
 *(.rodata*)
 .rodata.main.str1.4
                0x00000000080021d4       0x26 CMakeFiles/iKunBoat.elf.dir/Core/Src/main.c.obj
 *fill*         0x00000000080021fa        0x2 
 .rodata.AHBPrescTable
                0x00000000080021fc       0x10 CMakeFiles/iKunBoat.elf.dir/Core/Src/system_stm32f1xx.c.obj
                0x00000000080021fc                AHBPrescTable
 .rodata.APBPrescTable
                0x000000000800220c        0x8 CMakeFiles/iKunBoat.elf.dir/Core/Src/system_stm32f1xx.c.obj
                0x000000000800220c                APBPrescTable
 .rodata.HAL_RCC_ClockConfig.str1.4
                0x0000000008002214       0x11 CMakeFiles/iKunBoat.elf.dir/Drivers/STM32F1xx_HAL_Driver/Src/stm32f1xx_hal_rcc.c.obj
 *fill*         0x0000000008002225        0x3 
 .rodata._global_impure_ptr
                0x0000000008002228        0x4 /Applications/ARM/bin/../lib/gcc/arm-none-eabi/10.3.1/../../../../arm-none-eabi/lib/thumb/v7-m/nofp/libc.a(lib_a-impure.o)
                0x0000000008002228                _global_impure_ptr
                0x000000000800222c                . = ALIGN (0x4)

.rel.dyn        0x000000000800222c        0x0
 .rel.iplt      0x000000000800222c        0x0 /Applications/ARM/bin/../lib/gcc/arm-none-eabi/10.3.1/thumb/v7-m/nofp/crtbegin.o

.ARM.extab      0x000000000800222c        0x0
                0x000000000800222c                . = ALIGN (0x4)
 *(.ARM.extab* .gnu.linkonce.armextab.*)
                0x000000000800222c                . = ALIGN (0x4)

.ARM            0x000000000800222c        0x0
                0x000000000800222c                . = ALIGN (0x4)
                0x000000000800222c                __exidx_start = .
 *(.ARM.exidx*)
                0x000000000800222c                __exidx_end = .
                0x000000000800222c                . = ALIGN (0x4)

.preinit_array  0x000000000800222c        0x0
                0x000000000800222c                . = ALIGN (0x4)
                0x000000000800222c                PROVIDE (__preinit_array_start = .)
 *(.preinit_array*)
                0x000000000800222c                PROVIDE (__preinit_array_end = .)
                0x000000000800222c                . = ALIGN (0x4)

.init_array     0x000000000800222c        0x8
                0x000000000800222c                . = ALIGN (0x4)
                0x000000000800222c                PROVIDE (__init_array_start = .)
 *(SORT_BY_NAME(.init_array.*))
 .init_array.00000
                0x000000000800222c        0x4 /Applications/ARM/bin/../lib/gcc/arm-none-eabi/10.3.1/../../../../arm-none-eabi/lib/thumb/v7-m/nofp/libc.a(lib_a-__call_atexit.o)
 *(.init_array*)
 .init_array    0x0000000008002230        0x4 /Applications/ARM/bin/../lib/gcc/arm-none-eabi/10.3.1/thumb/v7-m/nofp/crtbegin.o
                0x0000000008002234                PROVIDE (__init_array_end = .)
                0x0000000008002234                . = ALIGN (0x4)

.fini_array     0x0000000008002234        0x4
                0x0000000008002234                . = ALIGN (0x4)
                0x0000000008002234                PROVIDE (__fini_array_start = .)
 *(SORT_BY_NAME(.fini_array.*))
 *(.fini_array*)
 .fini_array    0x0000000008002234        0x4 /Applications/ARM/bin/../lib/gcc/arm-none-eabi/10.3.1/thumb/v7-m/nofp/crtbegin.o
                0x0000000008002238                PROVIDE (__fini_array_end = .)
                0x0000000008002238                . = ALIGN (0x4)
                0x0000000008002238                _sidata = LOADADDR (.data)

.data           0x0000000020000000      0x43c load address 0x0000000008002238
                0x0000000020000000                . = ALIGN (0x4)
                0x0000000020000000                _sdata = .
 *(.data)
 *(.data*)
 .data.echoEnd.0
                0x0000000020000000        0x3 CMakeFiles/iKunBoat.elf.dir/Core/Src/main.c.obj
 *fill*         0x0000000020000003        0x1 
 .data.SystemCoreClock
                0x0000000020000004        0x4 CMakeFiles/iKunBoat.elf.dir/Core/Src/system_stm32f1xx.c.obj
                0x0000000020000004                SystemCoreClock
 .data.uwTickFreq
                0x0000000020000008        0x1 CMakeFiles/iKunBoat.elf.dir/Drivers/STM32F1xx_HAL_Driver/Src/stm32f1xx_hal.c.obj
                0x0000000020000008                uwTickFreq
 *fill*         0x0000000020000009        0x3 
 .data.uwTickPrio
                0x000000002000000c        0x4 CMakeFiles/iKunBoat.elf.dir/Drivers/STM32F1xx_HAL_Driver/Src/stm32f1xx_hal.c.obj
                0x000000002000000c                uwTickPrio
 .data.impure_data
                0x0000000020000010      0x428 /Applications/ARM/bin/../lib/gcc/arm-none-eabi/10.3.1/../../../../arm-none-eabi/lib/thumb/v7-m/nofp/libc.a(lib_a-impure.o)
 .data.__atexit_recursive_mutex
                0x0000000020000438        0x4 /Applications/ARM/bin/../lib/gcc/arm-none-eabi/10.3.1/../../../../arm-none-eabi/lib/thumb/v7-m/nofp/libc.a(lib_a-__call_atexit.o)
                0x0000000020000438                __atexit_recursive_mutex
 *(.RamFunc)
 *(.RamFunc*)
                0x000000002000043c                . = ALIGN (0x4)
                0x000000002000043c                _edata = .

.igot.plt       0x000000002000043c        0x0 load address 0x0000000008002674
 .igot.plt      0x000000002000043c        0x0 /Applications/ARM/bin/../lib/gcc/arm-none-eabi/10.3.1/thumb/v7-m/nofp/crtbegin.o
                0x000000002000043c                . = ALIGN (0x4)

.bss            0x000000002000043c      0x16c load address 0x0000000008002674
                0x000000002000043c                _sbss = .
                0x000000002000043c                __bss_start__ = _sbss
 *(.bss)
 .bss           0x000000002000043c       0x1c /Applications/ARM/bin/../lib/gcc/arm-none-eabi/10.3.1/thumb/v7-m/nofp/crtbegin.o
 *(.bss*)
 .bss.debugUartBuff.1
                0x0000000020000458       0x10 CMakeFiles/iKunBoat.elf.dir/Core/Src/main.c.obj
 .bss.debugUartOffset.3
                0x0000000020000468        0x4 CMakeFiles/iKunBoat.elf.dir/Core/Src/main.c.obj
 .bss.debugUartRecvBuff.2
                0x000000002000046c        0x1 CMakeFiles/iKunBoat.elf.dir/Core/Src/main.c.obj
 *fill*         0x000000002000046d        0x3 
 .bss.downFlags
                0x0000000020000470        0x4 CMakeFiles/iKunBoat.elf.dir/Core/Src/main.c.obj
                0x0000000020000470                downFlags
 .bss.htim1     0x0000000020000474       0x48 CMakeFiles/iKunBoat.elf.dir/Core/Src/main.c.obj
                0x0000000020000474                htim1
 .bss.htim3     0x00000000200004bc       0x48 CMakeFiles/iKunBoat.elf.dir/Core/Src/main.c.obj
                0x00000000200004bc                htim3
 .bss.huart1    0x0000000020000504       0x44 CMakeFiles/iKunBoat.elf.dir/Core/Src/main.c.obj
                0x0000000020000504                huart1
 .bss.huart2    0x0000000020000548       0x44 CMakeFiles/iKunBoat.elf.dir/Core/Src/main.c.obj
                0x0000000020000548                huart2
 .bss.leftFlags
                0x000000002000058c        0x4 CMakeFiles/iKunBoat.elf.dir/Core/Src/main.c.obj
                0x000000002000058c                leftFlags
 .bss.rightFlags
                0x0000000020000590        0x4 CMakeFiles/iKunBoat.elf.dir/Core/Src/main.c.obj
                0x0000000020000590                rightFlags
 .bss.tempChar  0x0000000020000594        0x1 CMakeFiles/iKunBoat.elf.dir/Core/Src/main.c.obj
                0x0000000020000594                tempChar
 *fill*         0x0000000020000595        0x3 
 .bss.upFlags   0x0000000020000598        0x4 CMakeFiles/iKunBoat.elf.dir/Core/Src/main.c.obj
                0x0000000020000598                upFlags
 .bss.wifiRecvBuff.4
                0x000000002000059c        0x1 CMakeFiles/iKunBoat.elf.dir/Core/Src/main.c.obj
 *fill*         0x000000002000059d        0x3 
 .bss.uwTick    0x00000000200005a0        0x4 CMakeFiles/iKunBoat.elf.dir/Drivers/STM32F1xx_HAL_Driver/Src/stm32f1xx_hal.c.obj
                0x00000000200005a0                uwTick
 .bss.__lock___atexit_recursive_mutex
                0x00000000200005a4        0x1 /Applications/ARM/bin/../lib/gcc/arm-none-eabi/10.3.1/../../../../arm-none-eabi/lib/thumb/v7-m/nofp/libc.a(lib_a-lock.o)
                0x00000000200005a4                __lock___atexit_recursive_mutex
 *(COMMON)
                0x00000000200005a8                . = ALIGN (0x4)
 *fill*         0x00000000200005a5        0x3 
                0x00000000200005a8                _ebss = .
                0x00000000200005a8                __bss_end__ = _ebss

._user_heap_stack
                0x00000000200005a8      0x600 load address 0x0000000008002674
                0x00000000200005a8                . = ALIGN (0x8)
                [!provide]                        PROVIDE (end = .)
                0x00000000200005a8                PROVIDE (_end = .)
                0x00000000200007a8                . = (. + _Min_Heap_Size)
 *fill*         0x00000000200005a8      0x200 
                0x0000000020000ba8                . = (. + _Min_Stack_Size)
 *fill*         0x00000000200007a8      0x400 
                0x0000000020000ba8                . = ALIGN (0x8)

/DISCARD/
 libc.a(*)
 libm.a(*)
 libgcc.a(*)

.ARM.attributes
                0x0000000000000000       0x29
 *(.ARM.attributes)
 .ARM.attributes
                0x0000000000000000       0x1d /Applications/ARM/bin/../lib/gcc/arm-none-eabi/10.3.1/thumb/v7-m/nofp/crti.o
 .ARM.attributes
                0x000000000000001d       0x2d /Applications/ARM/bin/../lib/gcc/arm-none-eabi/10.3.1/thumb/v7-m/nofp/crtbegin.o
 .ARM.attributes
                0x000000000000004a       0x29 CMakeFiles/iKunBoat.elf.dir/Core/Src/main.c.obj
 .ARM.attributes
                0x0000000000000073       0x29 CMakeFiles/iKunBoat.elf.dir/Core/Src/stm32f1xx_hal_msp.c.obj
 .ARM.attributes
                0x000000000000009c       0x29 CMakeFiles/iKunBoat.elf.dir/Core/Src/stm32f1xx_it.c.obj
 .ARM.attributes
                0x00000000000000c5       0x29 CMakeFiles/iKunBoat.elf.dir/Core/Src/system_stm32f1xx.c.obj
 .ARM.attributes
                0x00000000000000ee       0x21 CMakeFiles/iKunBoat.elf.dir/Core/Startup/startup_stm32f103c8tx.s.obj
 .ARM.attributes
                0x000000000000010f       0x29 CMakeFiles/iKunBoat.elf.dir/Drivers/STM32F1xx_HAL_Driver/Src/stm32f1xx_hal.c.obj
 .ARM.attributes
                0x0000000000000138       0x29 CMakeFiles/iKunBoat.elf.dir/Drivers/STM32F1xx_HAL_Driver/Src/stm32f1xx_hal_cortex.c.obj
 .ARM.attributes
                0x0000000000000161       0x29 CMakeFiles/iKunBoat.elf.dir/Drivers/STM32F1xx_HAL_Driver/Src/stm32f1xx_hal_dma.c.obj
 .ARM.attributes
                0x000000000000018a       0x29 CMakeFiles/iKunBoat.elf.dir/Drivers/STM32F1xx_HAL_Driver/Src/stm32f1xx_hal_gpio.c.obj
 .ARM.attributes
                0x00000000000001b3       0x29 CMakeFiles/iKunBoat.elf.dir/Drivers/STM32F1xx_HAL_Driver/Src/stm32f1xx_hal_rcc.c.obj
 .ARM.attributes
                0x00000000000001dc       0x29 CMakeFiles/iKunBoat.elf.dir/Drivers/STM32F1xx_HAL_Driver/Src/stm32f1xx_hal_tim.c.obj
 .ARM.attributes
                0x0000000000000205       0x29 CMakeFiles/iKunBoat.elf.dir/Drivers/STM32F1xx_HAL_Driver/Src/stm32f1xx_hal_tim_ex.c.obj
 .ARM.attributes
                0x000000000000022e       0x29 CMakeFiles/iKunBoat.elf.dir/Drivers/STM32F1xx_HAL_Driver/Src/stm32f1xx_hal_uart.c.obj
 .ARM.attributes
                0x0000000000000257       0x2d /Applications/ARM/bin/../lib/gcc/arm-none-eabi/10.3.1/../../../../arm-none-eabi/lib/thumb/v7-m/nofp/libc.a(lib_a-impure.o)
 .ARM.attributes
                0x0000000000000284       0x2d /Applications/ARM/bin/../lib/gcc/arm-none-eabi/10.3.1/../../../../arm-none-eabi/lib/thumb/v7-m/nofp/libc.a(lib_a-init.o)
 .ARM.attributes
                0x00000000000002b1       0x2d /Applications/ARM/bin/../lib/gcc/arm-none-eabi/10.3.1/../../../../arm-none-eabi/lib/thumb/v7-m/nofp/libc.a(lib_a-memset.o)
 .ARM.attributes
                0x00000000000002de       0x2d /Applications/ARM/bin/../lib/gcc/arm-none-eabi/10.3.1/../../../../arm-none-eabi/lib/thumb/v7-m/nofp/libc.a(lib_a-strlen-stub.o)
 .ARM.attributes
                0x000000000000030b       0x2d /Applications/ARM/bin/../lib/gcc/arm-none-eabi/10.3.1/../../../../arm-none-eabi/lib/thumb/v7-m/nofp/libc.a(lib_a-__call_atexit.o)
 .ARM.attributes
                0x0000000000000338       0x2d /Applications/ARM/bin/../lib/gcc/arm-none-eabi/10.3.1/../../../../arm-none-eabi/lib/thumb/v7-m/nofp/libc.a(lib_a-atexit.o)
 .ARM.attributes
                0x0000000000000365       0x2d /Applications/ARM/bin/../lib/gcc/arm-none-eabi/10.3.1/../../../../arm-none-eabi/lib/thumb/v7-m/nofp/libc.a(lib_a-fini.o)
 .ARM.attributes
                0x0000000000000392       0x2d /Applications/ARM/bin/../lib/gcc/arm-none-eabi/10.3.1/../../../../arm-none-eabi/lib/thumb/v7-m/nofp/libc.a(lib_a-lock.o)
 .ARM.attributes
                0x00000000000003bf       0x2d /Applications/ARM/bin/../lib/gcc/arm-none-eabi/10.3.1/../../../../arm-none-eabi/lib/thumb/v7-m/nofp/libc.a(lib_a-__atexit.o)
 .ARM.attributes
                0x00000000000003ec       0x1d /Applications/ARM/bin/../lib/gcc/arm-none-eabi/10.3.1/thumb/v7-m/nofp/crtn.o
OUTPUT(iKunBoat.elf elf32-littlearm)
LOAD linker stubs
LOAD /Applications/ARM/bin/../lib/gcc/arm-none-eabi/10.3.1/../../../../arm-none-eabi/lib/thumb/v7-m/nofp/libc.a
LOAD /Applications/ARM/bin/../lib/gcc/arm-none-eabi/10.3.1/../../../../arm-none-eabi/lib/thumb/v7-m/nofp/libm.a
LOAD /Applications/ARM/bin/../lib/gcc/arm-none-eabi/10.3.1/thumb/v7-m/nofp/libgcc.a

.comment        0x0000000000000000       0x49
 .comment       0x0000000000000000       0x49 CMakeFiles/iKunBoat.elf.dir/Core/Src/main.c.obj
                                         0x4a (size before relaxing)
 .comment       0x0000000000000049       0x4a CMakeFiles/iKunBoat.elf.dir/Core/Src/stm32f1xx_hal_msp.c.obj
 .comment       0x0000000000000049       0x4a CMakeFiles/iKunBoat.elf.dir/Core/Src/stm32f1xx_it.c.obj
 .comment       0x0000000000000049       0x4a CMakeFiles/iKunBoat.elf.dir/Core/Src/system_stm32f1xx.c.obj
 .comment       0x0000000000000049       0x4a CMakeFiles/iKunBoat.elf.dir/Drivers/STM32F1xx_HAL_Driver/Src/stm32f1xx_hal.c.obj
 .comment       0x0000000000000049       0x4a CMakeFiles/iKunBoat.elf.dir/Drivers/STM32F1xx_HAL_Driver/Src/stm32f1xx_hal_cortex.c.obj
 .comment       0x0000000000000049       0x4a CMakeFiles/iKunBoat.elf.dir/Drivers/STM32F1xx_HAL_Driver/Src/stm32f1xx_hal_dma.c.obj
 .comment       0x0000000000000049       0x4a CMakeFiles/iKunBoat.elf.dir/Drivers/STM32F1xx_HAL_Driver/Src/stm32f1xx_hal_gpio.c.obj
 .comment       0x0000000000000049       0x4a CMakeFiles/iKunBoat.elf.dir/Drivers/STM32F1xx_HAL_Driver/Src/stm32f1xx_hal_rcc.c.obj
 .comment       0x0000000000000049       0x4a CMakeFiles/iKunBoat.elf.dir/Drivers/STM32F1xx_HAL_Driver/Src/stm32f1xx_hal_tim.c.obj
 .comment       0x0000000000000049       0x4a CMakeFiles/iKunBoat.elf.dir/Drivers/STM32F1xx_HAL_Driver/Src/stm32f1xx_hal_tim_ex.c.obj
 .comment       0x0000000000000049       0x4a CMakeFiles/iKunBoat.elf.dir/Drivers/STM32F1xx_HAL_Driver/Src/stm32f1xx_hal_uart.c.obj

.debug_frame    0x0000000000000000      0x20c
 .debug_frame   0x0000000000000000       0x2c /Applications/ARM/bin/../lib/gcc/arm-none-eabi/10.3.1/../../../../arm-none-eabi/lib/thumb/v7-m/nofp/libc.a(lib_a-init.o)
 .debug_frame   0x000000000000002c       0x2c /Applications/ARM/bin/../lib/gcc/arm-none-eabi/10.3.1/../../../../arm-none-eabi/lib/thumb/v7-m/nofp/libc.a(lib_a-memset.o)
 .debug_frame   0x0000000000000058       0x20 /Applications/ARM/bin/../lib/gcc/arm-none-eabi/10.3.1/../../../../arm-none-eabi/lib/thumb/v7-m/nofp/libc.a(lib_a-strlen-stub.o)
 .debug_frame   0x0000000000000078       0x5c /Applications/ARM/bin/../lib/gcc/arm-none-eabi/10.3.1/../../../../arm-none-eabi/lib/thumb/v7-m/nofp/libc.a(lib_a-__call_atexit.o)
 .debug_frame   0x00000000000000d4       0x20 /Applications/ARM/bin/../lib/gcc/arm-none-eabi/10.3.1/../../../../arm-none-eabi/lib/thumb/v7-m/nofp/libc.a(lib_a-atexit.o)
 .debug_frame   0x00000000000000f4       0x34 /Applications/ARM/bin/../lib/gcc/arm-none-eabi/10.3.1/../../../../arm-none-eabi/lib/thumb/v7-m/nofp/libc.a(lib_a-fini.o)
 .debug_frame   0x0000000000000128       0xb0 /Applications/ARM/bin/../lib/gcc/arm-none-eabi/10.3.1/../../../../arm-none-eabi/lib/thumb/v7-m/nofp/libc.a(lib_a-lock.o)
 .debug_frame   0x00000000000001d8       0x34 /Applications/ARM/bin/../lib/gcc/arm-none-eabi/10.3.1/../../../../arm-none-eabi/lib/thumb/v7-m/nofp/libc.a(lib_a-__atexit.o)
